ROUTER 1
Router>en
Router#conf
Configuring from terminal, memory, or network [terminal]?
Enter configuration commands, one per line. End with CNTL/Z.
Router(config)#int fa0/0
Router(config-if)#ip add 10.0.0.1 255.0.0.0
Router(config-if)#no shut
Router(config-if)#
%LINK-5-CHANGED: Interface FastEthernet0/0, changed state to up
%LINEPROTO-5-UPDOWN: Line protocol on Interface FastEthernet0/0, changed state to up
Router(config-if)#int serial 0/0/0/
^
% Invalid input detected at '^' marker.
	
Router(config-if)#exit
Router(config)#int serial 0/0/0
Router(config-if)#ip add 20.0.0.1 255.0.0.0
Router(config-if)#no shut
%LINK-5-CHANGED: Interface Serial0/0/0, changed state to down
Router(config-if)#exit
Router(config)#
%LINK-5-CHANGED: Interface Serial0/0/0, changed state to up
%LINEPROTO-5-UPDOWN: Line protocol on Interface Serial0/0/0, changed state to up
Router(config)#exit
Router#
%SYS-5-CONFIG_I: Configured from console by console
Router#conf
Configuring from terminal, memory, or network [terminal]?
Enter configuration commands, one per line. End with CNTL/Z.
Router(config)#router ospf 1
Router(config-router)#10.0.0.0 0.255.255.255 area 0
^
% Invalid input detected at '^' marker.
	
Router(config-router)#network 10.0.0.0 0.255.255.255 area 0
Router(config-router)#network 20.0.0.0 0.255.255.255 area 0
Router(config-router)#
00:13:06: %OSPF-5-ADJCHG: Process 1, Nbr 30.0.0.1 on Serial0/0/0 from LOADING to FULL, Loading Done



ROUTER 2
Router>en
Router#conf
Configuring from terminal, memory, or network [terminal]?
Enter configuration commands, one per line. End with CNTL/Z.
Router(config)#int fa0/0
Router(config-if)#ip add 30.0.0.1 255.0.0.0
Router(config-if)#no shut
Router(config-if)#
%LINK-5-CHANGED: Interface FastEthernet0/0, changed state to up
%LINEPROTO-5-UPDOWN: Line protocol on Interface FastEthernet0/0, changed state to up
Router(config-if)#exit
Router(config)#int serial0/0/0
Router(config-if)#ip add 20.0.0.2 255.0.0.0
Router(config-if)#no shut
Router(config-if)#
%LINK-5-CHANGED: Interface Serial0/0/0, changed state to up
Router(config-if)#exit
Router(config)#
%LINEPROTO-5-UPDOWN: Line protocol on Interface Serial0/0/0, changed state to up
Router(config)#exit
Router#
%SYS-5-CONFIG_I: Configured from console by console
Router#conf
Configuring from terminal, memory, or network [terminal]?
Enter configuration commands, one per line. End with CNTL/Z.
Router(config)#router ospf 2
Router(config-router)#network 20.0.0.0 0.255.255.255 area 0
Router(config-router)#network 30.0.0.0 0.255.255.255 area 0
00:13:10: %OSPF-5-ADJCHG: Process 2, Nbr 20.0.0.1 on Serial0/0/0 from LOADING to FULL, Loading Done
Router(config-router)#
